*** EVALUATION ***
PROGRAM "C:\Users\David\Desktop\MTRX2700_Major\bin\Project.absHCS12_Serial_Monitor.abs"

*********************************************************************************************
TARGET SECTION
---------------------------------------------------------------------------------------------
Processor   : Freescale HC12
Memory Model: SMALL
File Format : ELF\DWARF 2.0
Linker      : SmartLinker V-5.0.40 Build 10203, Jul 23 2010

*********************************************************************************************
FILE SECTION
---------------------------------------------------------------------------------------------
mc9s12dg256.c.o                         Model: SMALL,         Lang: ANSI-C
main.c.o                                Model: SMALL,         Lang: ANSI-C
Start12.c.o                             Model: SMALL,         Lang: ANSI-C
CTYPE.C.o (ansis.lib)                   Model: SMALL,         Lang: ANSI-C
MATH.C.o (ansis.lib)                    Model: SMALL,         Lang: ANSI-C
PRINTF.C.o (ansis.lib)                  Model: SMALL,         Lang: ANSI-C
STDLIB.C.o (ansis.lib)                  Model: SMALL,         Lang: ANSI-C
STRING.C.o (ansis.lib)                  Model: SMALL,         Lang: ANSI-C
DANSI.C.o (ansis.lib)                   Model: SMALL,         Lang: ANSI-C
FADD.C.o (ansis.lib)                    Model: SMALL,         Lang: ANSI-C
FANSI.C.o (ansis.lib)                   Model: SMALL,         Lang: ANSI-C
FCMP.C.o (ansis.lib)                    Model: SMALL,         Lang: ANSI-C
FCONV.C.o (ansis.lib)                   Model: SMALL,         Lang: ANSI-C
FMUL.C.o (ansis.lib)                    Model: SMALL,         Lang: ANSI-C
FREGS.C.o (ansis.lib)                   Model: SMALL,         Lang: ANSI-C
rtshc12.c.o (ansis.lib)                 Model: SMALL,         Lang: ANSI-C
VREGS.C.o (ansis.lib)                   Model: SMALL,         Lang: ANSI-C
delay.asm.o                             Model: SMALL,         Lang: Assembler
iic.c.o                                 Model: SMALL,         Lang: ANSI-C
lcd.c.o                                 Model: SMALL,         Lang: ANSI-C
lidar.c.o                               Model: SMALL,         Lang: ANSI-C
pll.c.o                                 Model: SMALL,         Lang: ANSI-C
sci1.c.o                                Model: SMALL,         Lang: ANSI-C
servo.c.o                               Model: SMALL,         Lang: ANSI-C
imu.c.o                                 Model: SMALL,         Lang: ANSI-C

*********************************************************************************************
STARTUP SECTION
---------------------------------------------------------------------------------------------
Entry point: 0xC029 (_Startup)
_startupData is allocated at 0xC031 and uses 6 Bytes
extern struct _tagStartup {
  unsigned nofZeroOut     1
  _Range   pZeroOut       0x1100     2038
  _Copy    *toCopyDownBeg 0xF4D5
} _startupData;

*********************************************************************************************
SECTION-ALLOCATION SECTION
Section Name                    Size  Type     From       To       Segment
---------------------------------------------------------------------------------------------
.init                             49     R     0xC000     0xC030   ROM_C000
.startData                        10     R     0xC031     0xC03A   ROM_C000
.rodata                          216     R     0xC03B     0xC112   ROM_C000
.rodata1                         947     R     0xC113     0xC4C5   ROM_C000
.text                          10924     R     0xC4C6     0xEF71   ROM_C000
.copy                             52     R     0xF4D5     0xF508   ROM_C000
.stack                           256   R/W     0x1000     0x10FF   RAM
.data                             46   R/W     0x1100     0x112D   RAM
.abs_section_8                     1   N/I        0x8        0x8   .absSeg0
.abs_section_9                     1   N/I        0x9        0x9   .absSeg1
.abs_section_a                     1   N/I        0xA        0xA   .absSeg2
.abs_section_b                     1   N/I        0xB        0xB   .absSeg3
.abs_section_c                     1   N/I        0xC        0xC   .absSeg4
.abs_section_d                     1   N/I        0xD        0xD   .absSeg5
.abs_section_e                     1   N/I        0xE        0xE   .absSeg6
.abs_section_10                    1   N/I       0x10       0x10   .absSeg7
.abs_section_11                    1   N/I       0x11       0x11   .absSeg8
.abs_section_12                    1   N/I       0x12       0x12   .absSeg9
.abs_section_13                    1   N/I       0x13       0x13   .absSeg10
.abs_section_15                    1   N/I       0x15       0x15   .absSeg11
.abs_section_16                    1   N/I       0x16       0x16   .absSeg12
.abs_section_1c                    1   N/I       0x1C       0x1C   .absSeg13
.abs_section_1d                    1   N/I       0x1D       0x1D   .absSeg14
.abs_section_1e                    1   N/I       0x1E       0x1E   .absSeg15
.abs_section_1f                    1   N/I       0x1F       0x1F   .absSeg16
.abs_section_28                    1   N/I       0x28       0x28   .absSeg17
.abs_section_29                    1   N/I       0x29       0x29   .absSeg18
.abs_section_2a                    1   N/I       0x2A       0x2A   .absSeg19
.abs_section_2b                    1   N/I       0x2B       0x2B   .absSeg20
.abs_section_2c                    1   N/I       0x2C       0x2C   .absSeg21
.abs_section_2d                    1   N/I       0x2D       0x2D   .absSeg22
.abs_section_2e                    1   N/I       0x2E       0x2E   .absSeg23
.abs_section_2f                    1   N/I       0x2F       0x2F   .absSeg24
.abs_section_30                    1   N/I       0x30       0x30   .absSeg25
.abs_section_32                    1   N/I       0x32       0x32   .absSeg26
.abs_section_33                    1   N/I       0x33       0x33   .absSeg27
.abs_section_34                    1   N/I       0x34       0x34   .absSeg28
.abs_section_35                    1   N/I       0x35       0x35   .absSeg29
.abs_section_37                    1   N/I       0x37       0x37   .absSeg30
.abs_section_38                    1   N/I       0x38       0x38   .absSeg31
.abs_section_39                    1   N/I       0x39       0x39   .absSeg32
.abs_section_3a                    1   N/I       0x3A       0x3A   .absSeg33
.abs_section_3b                    1   N/I       0x3B       0x3B   .absSeg34
.abs_section_3c                    1   N/I       0x3C       0x3C   .absSeg35
.abs_section_3f                    1   N/I       0x3F       0x3F   .absSeg36
.abs_section_40                    1   N/I       0x40       0x40   .absSeg37
.abs_section_41                    1   N/I       0x41       0x41   .absSeg38
.abs_section_42                    1   N/I       0x42       0x42   .absSeg39
.abs_section_43                    1   N/I       0x43       0x43   .absSeg40
.abs_section_46                    1   N/I       0x46       0x46   .absSeg41
.abs_section_47                    1   N/I       0x47       0x47   .absSeg42
.abs_section_48                    1   N/I       0x48       0x48   .absSeg43
.abs_section_49                    1   N/I       0x49       0x49   .absSeg44
.abs_section_4a                    1   N/I       0x4A       0x4A   .absSeg45
.abs_section_4b                    1   N/I       0x4B       0x4B   .absSeg46
.abs_section_4c                    1   N/I       0x4C       0x4C   .absSeg47
.abs_section_4d                    1   N/I       0x4D       0x4D   .absSeg48
.abs_section_4e                    1   N/I       0x4E       0x4E   .absSeg49
.abs_section_4f                    1   N/I       0x4F       0x4F   .absSeg50
.abs_section_60                    1   N/I       0x60       0x60   .absSeg51
.abs_section_61                    1   N/I       0x61       0x61   .absSeg52
.abs_section_66                    1   N/I       0x66       0x66   .absSeg53
.abs_section_67                    1   N/I       0x67       0x67   .absSeg54
.abs_section_68                    1   N/I       0x68       0x68   .absSeg55
.abs_section_69                    1   N/I       0x69       0x69   .absSeg56
.abs_section_6a                    1   N/I       0x6A       0x6A   .absSeg57
.abs_section_6b                    1   N/I       0x6B       0x6B   .absSeg58
.abs_section_70                    1   N/I       0x70       0x70   .absSeg59
.abs_section_71                    1   N/I       0x71       0x71   .absSeg60
.abs_section_86                    1   N/I       0x86       0x86   .absSeg61
.abs_section_89                    1   N/I       0x89       0x89   .absSeg62
.abs_section_8b                    1   N/I       0x8B       0x8B   .absSeg63
.abs_section_8d                    1   N/I       0x8D       0x8D   .absSeg64
.abs_section_8f                    1   N/I       0x8F       0x8F   .absSeg65
.abs_section_a0                    1   N/I       0xA0       0xA0   .absSeg66
.abs_section_a1                    1   N/I       0xA1       0xA1   .absSeg67
.abs_section_a2                    1   N/I       0xA2       0xA2   .absSeg68
.abs_section_a3                    1   N/I       0xA3       0xA3   .absSeg69
.abs_section_a4                    1   N/I       0xA4       0xA4   .absSeg70
.abs_section_a5                    1   N/I       0xA5       0xA5   .absSeg71
.abs_section_a8                    1   N/I       0xA8       0xA8   .absSeg72
.abs_section_a9                    1   N/I       0xA9       0xA9   .absSeg73
.abs_section_c4                    1   N/I       0xC4       0xC4   .absSeg74
.abs_section_ca                    1   N/I       0xCA       0xCA   .absSeg75
.abs_section_cb                    1   N/I       0xCB       0xCB   .absSeg76
.abs_section_cc                    1   N/I       0xCC       0xCC   .absSeg77
.abs_section_cd                    1   N/I       0xCD       0xCD   .absSeg78
.abs_section_ce                    1   N/I       0xCE       0xCE   .absSeg79
.abs_section_cf                    1   N/I       0xCF       0xCF   .absSeg80
.abs_section_d2                    1   N/I       0xD2       0xD2   .absSeg81
.abs_section_d3                    1   N/I       0xD3       0xD3   .absSeg82
.abs_section_d4                    1   N/I       0xD4       0xD4   .absSeg83
.abs_section_d5                    1   N/I       0xD5       0xD5   .absSeg84
.abs_section_d6                    1   N/I       0xD6       0xD6   .absSeg85
.abs_section_d7                    1   N/I       0xD7       0xD7   .absSeg86
.abs_section_d8                    1   N/I       0xD8       0xD8   .absSeg87
.abs_section_d9                    1   N/I       0xD9       0xD9   .absSeg88
.abs_section_da                    1   N/I       0xDA       0xDA   .absSeg89
.abs_section_db                    1   N/I       0xDB       0xDB   .absSeg90
.abs_section_dd                    1   N/I       0xDD       0xDD   .absSeg91
.abs_section_e0                    1   N/I       0xE0       0xE0   .absSeg92
.abs_section_e1                    1   N/I       0xE1       0xE1   .absSeg93
.abs_section_e2                    1   N/I       0xE2       0xE2   .absSeg94
.abs_section_e3                    1   N/I       0xE3       0xE3   .absSeg95
.abs_section_e4                    1   N/I       0xE4       0xE4   .absSeg96
.abs_section_f0                    1   N/I       0xF0       0xF0   .absSeg97
.abs_section_f1                    1   N/I       0xF1       0xF1   .absSeg98
.abs_section_f2                    1   N/I       0xF2       0xF2   .absSeg99
.abs_section_f3                    1   N/I       0xF3       0xF3   .absSeg100
.abs_section_f5                    1   N/I       0xF5       0xF5   .absSeg101
.abs_section_f8                    1   N/I       0xF8       0xF8   .absSeg102
.abs_section_f9                    1   N/I       0xF9       0xF9   .absSeg103
.abs_section_fa                    1   N/I       0xFA       0xFA   .absSeg104
.abs_section_fb                    1   N/I       0xFB       0xFB   .absSeg105
.abs_section_fd                    1   N/I       0xFD       0xFD   .absSeg106
.abs_section_100                   1   N/I      0x100      0x100   .absSeg107
.abs_section_101                   1   N/I      0x101      0x101   .absSeg108
.abs_section_103                   1   N/I      0x103      0x103   .absSeg109
.abs_section_104                   1   N/I      0x104      0x104   .absSeg110
.abs_section_105                   1   N/I      0x105      0x105   .absSeg111
.abs_section_106                   1   N/I      0x106      0x106   .absSeg112
.abs_section_110                   1   N/I      0x110      0x110   .absSeg113
.abs_section_113                   1   N/I      0x113      0x113   .absSeg114
.abs_section_114                   1   N/I      0x114      0x114   .absSeg115
.abs_section_115                   1   N/I      0x115      0x115   .absSeg116
.abs_section_116                   1   N/I      0x116      0x116   .absSeg117
.abs_section_126                   1   N/I      0x126      0x126   .absSeg118
.abs_section_129                   1   N/I      0x129      0x129   .absSeg119
.abs_section_12b                   1   N/I      0x12B      0x12B   .absSeg120
.abs_section_12d                   1   N/I      0x12D      0x12D   .absSeg121
.abs_section_12f                   1   N/I      0x12F      0x12F   .absSeg122
.abs_section_140                   1   N/I      0x140      0x140   .absSeg123
.abs_section_141                   1   N/I      0x141      0x141   .absSeg124
.abs_section_142                   1   N/I      0x142      0x142   .absSeg125
.abs_section_143                   1   N/I      0x143      0x143   .absSeg126
.abs_section_144                   1   N/I      0x144      0x144   .absSeg127
.abs_section_145                   1   N/I      0x145      0x145   .absSeg128
.abs_section_146                   1   N/I      0x146      0x146   .absSeg129
.abs_section_147                   1   N/I      0x147      0x147   .absSeg130
.abs_section_148                   1   N/I      0x148      0x148   .absSeg131
.abs_section_149                   1   N/I      0x149      0x149   .absSeg132
.abs_section_14a                   1   N/I      0x14A      0x14A   .absSeg133
.abs_section_14b                   1   N/I      0x14B      0x14B   .absSeg134
.abs_section_14e                   1   N/I      0x14E      0x14E   .absSeg135
.abs_section_14f                   1   N/I      0x14F      0x14F   .absSeg136
.abs_section_150                   1   N/I      0x150      0x150   .absSeg137
.abs_section_151                   1   N/I      0x151      0x151   .absSeg138
.abs_section_152                   1   N/I      0x152      0x152   .absSeg139
.abs_section_153                   1   N/I      0x153      0x153   .absSeg140
.abs_section_154                   1   N/I      0x154      0x154   .absSeg141
.abs_section_155                   1   N/I      0x155      0x155   .absSeg142
.abs_section_156                   1   N/I      0x156      0x156   .absSeg143
.abs_section_157                   1   N/I      0x157      0x157   .absSeg144
.abs_section_158                   1   N/I      0x158      0x158   .absSeg145
.abs_section_159                   1   N/I      0x159      0x159   .absSeg146
.abs_section_15a                   1   N/I      0x15A      0x15A   .absSeg147
.abs_section_15b                   1   N/I      0x15B      0x15B   .absSeg148
.abs_section_15c                   1   N/I      0x15C      0x15C   .absSeg149
.abs_section_15d                   1   N/I      0x15D      0x15D   .absSeg150
.abs_section_15e                   1   N/I      0x15E      0x15E   .absSeg151
.abs_section_15f                   1   N/I      0x15F      0x15F   .absSeg152
.abs_section_160                   1   N/I      0x160      0x160   .absSeg153
.abs_section_161                   1   N/I      0x161      0x161   .absSeg154
.abs_section_162                   1   N/I      0x162      0x162   .absSeg155
.abs_section_163                   1   N/I      0x163      0x163   .absSeg156
.abs_section_164                   1   N/I      0x164      0x164   .absSeg157
.abs_section_165                   1   N/I      0x165      0x165   .absSeg158
.abs_section_166                   1   N/I      0x166      0x166   .absSeg159
.abs_section_167                   1   N/I      0x167      0x167   .absSeg160
.abs_section_168                   1   N/I      0x168      0x168   .absSeg161
.abs_section_169                   1   N/I      0x169      0x169   .absSeg162
.abs_section_16a                   1   N/I      0x16A      0x16A   .absSeg163
.abs_section_16b                   1   N/I      0x16B      0x16B   .absSeg164
.abs_section_16c                   1   N/I      0x16C      0x16C   .absSeg165
.abs_section_170                   1   N/I      0x170      0x170   .absSeg166
.abs_section_171                   1   N/I      0x171      0x171   .absSeg167
.abs_section_172                   1   N/I      0x172      0x172   .absSeg168
.abs_section_173                   1   N/I      0x173      0x173   .absSeg169
.abs_section_174                   1   N/I      0x174      0x174   .absSeg170
.abs_section_175                   1   N/I      0x175      0x175   .absSeg171
.abs_section_176                   1   N/I      0x176      0x176   .absSeg172
.abs_section_177                   1   N/I      0x177      0x177   .absSeg173
.abs_section_178                   1   N/I      0x178      0x178   .absSeg174
.abs_section_179                   1   N/I      0x179      0x179   .absSeg175
.abs_section_17a                   1   N/I      0x17A      0x17A   .absSeg176
.abs_section_17b                   1   N/I      0x17B      0x17B   .absSeg177
.abs_section_17c                   1   N/I      0x17C      0x17C   .absSeg178
.abs_section_17d                   1   N/I      0x17D      0x17D   .absSeg179
.abs_section_240                   1   N/I      0x240      0x240   .absSeg180
.abs_section_241                   1   N/I      0x241      0x241   .absSeg181
.abs_section_242                   1   N/I      0x242      0x242   .absSeg182
.abs_section_243                   1   N/I      0x243      0x243   .absSeg183
.abs_section_244                   1   N/I      0x244      0x244   .absSeg184
.abs_section_245                   1   N/I      0x245      0x245   .absSeg185
.abs_section_248                   1   N/I      0x248      0x248   .absSeg186
.abs_section_249                   1   N/I      0x249      0x249   .absSeg187
.abs_section_24a                   1   N/I      0x24A      0x24A   .absSeg188
.abs_section_24b                   1   N/I      0x24B      0x24B   .absSeg189
.abs_section_24c                   1   N/I      0x24C      0x24C   .absSeg190
.abs_section_24d                   1   N/I      0x24D      0x24D   .absSeg191
.abs_section_24e                   1   N/I      0x24E      0x24E   .absSeg192
.abs_section_250                   1   N/I      0x250      0x250   .absSeg193
.abs_section_251                   1   N/I      0x251      0x251   .absSeg194
.abs_section_252                   1   N/I      0x252      0x252   .absSeg195
.abs_section_253                   1   N/I      0x253      0x253   .absSeg196
.abs_section_254                   1   N/I      0x254      0x254   .absSeg197
.abs_section_255                   1   N/I      0x255      0x255   .absSeg198
.abs_section_256                   1   N/I      0x256      0x256   .absSeg199
.abs_section_257                   1   N/I      0x257      0x257   .absSeg200
.abs_section_258                   1   N/I      0x258      0x258   .absSeg201
.abs_section_259                   1   N/I      0x259      0x259   .absSeg202
.abs_section_25a                   1   N/I      0x25A      0x25A   .absSeg203
.abs_section_25b                   1   N/I      0x25B      0x25B   .absSeg204
.abs_section_25c                   1   N/I      0x25C      0x25C   .absSeg205
.abs_section_25d                   1   N/I      0x25D      0x25D   .absSeg206
.abs_section_25e                   1   N/I      0x25E      0x25E   .absSeg207
.abs_section_25f                   1   N/I      0x25F      0x25F   .absSeg208
.abs_section_260                   1   N/I      0x260      0x260   .absSeg209
.abs_section_261                   1   N/I      0x261      0x261   .absSeg210
.abs_section_262                   1   N/I      0x262      0x262   .absSeg211
.abs_section_263                   1   N/I      0x263      0x263   .absSeg212
.abs_section_264                   1   N/I      0x264      0x264   .absSeg213
.abs_section_265                   1   N/I      0x265      0x265   .absSeg214
.abs_section_266                   1   N/I      0x266      0x266   .absSeg215
.abs_section_267                   1   N/I      0x267      0x267   .absSeg216
.abs_section_268                   1   N/I      0x268      0x268   .absSeg217
.abs_section_269                   1   N/I      0x269      0x269   .absSeg218
.abs_section_26a                   1   N/I      0x26A      0x26A   .absSeg219
.abs_section_26b                   1   N/I      0x26B      0x26B   .absSeg220
.abs_section_26c                   1   N/I      0x26C      0x26C   .absSeg221
.abs_section_26d                   1   N/I      0x26D      0x26D   .absSeg222
.abs_section_26e                   1   N/I      0x26E      0x26E   .absSeg223
.abs_section_26f                   1   N/I      0x26F      0x26F   .absSeg224
.abs_section_280                   1   N/I      0x280      0x280   .absSeg225
.abs_section_281                   1   N/I      0x281      0x281   .absSeg226
.abs_section_282                   1   N/I      0x282      0x282   .absSeg227
.abs_section_283                   1   N/I      0x283      0x283   .absSeg228
.abs_section_284                   1   N/I      0x284      0x284   .absSeg229
.abs_section_285                   1   N/I      0x285      0x285   .absSeg230
.abs_section_286                   1   N/I      0x286      0x286   .absSeg231
.abs_section_287                   1   N/I      0x287      0x287   .absSeg232
.abs_section_288                   1   N/I      0x288      0x288   .absSeg233
.abs_section_289                   1   N/I      0x289      0x289   .absSeg234
.abs_section_28a                   1   N/I      0x28A      0x28A   .absSeg235
.abs_section_28b                   1   N/I      0x28B      0x28B   .absSeg236
.abs_section_28e                   1   N/I      0x28E      0x28E   .absSeg237
.abs_section_28f                   1   N/I      0x28F      0x28F   .absSeg238
.abs_section_290                   1   N/I      0x290      0x290   .absSeg239
.abs_section_291                   1   N/I      0x291      0x291   .absSeg240
.abs_section_292                   1   N/I      0x292      0x292   .absSeg241
.abs_section_293                   1   N/I      0x293      0x293   .absSeg242
.abs_section_294                   1   N/I      0x294      0x294   .absSeg243
.abs_section_295                   1   N/I      0x295      0x295   .absSeg244
.abs_section_296                   1   N/I      0x296      0x296   .absSeg245
.abs_section_297                   1   N/I      0x297      0x297   .absSeg246
.abs_section_298                   1   N/I      0x298      0x298   .absSeg247
.abs_section_299                   1   N/I      0x299      0x299   .absSeg248
.abs_section_29a                   1   N/I      0x29A      0x29A   .absSeg249
.abs_section_29b                   1   N/I      0x29B      0x29B   .absSeg250
.abs_section_29c                   1   N/I      0x29C      0x29C   .absSeg251
.abs_section_29d                   1   N/I      0x29D      0x29D   .absSeg252
.abs_section_29e                   1   N/I      0x29E      0x29E   .absSeg253
.abs_section_29f                   1   N/I      0x29F      0x29F   .absSeg254
.abs_section_2a0                   1   N/I      0x2A0      0x2A0   .absSeg255
.abs_section_2a1                   1   N/I      0x2A1      0x2A1   .absSeg256
.abs_section_2a2                   1   N/I      0x2A2      0x2A2   .absSeg257
.abs_section_2a3                   1   N/I      0x2A3      0x2A3   .absSeg258
.abs_section_2a4                   1   N/I      0x2A4      0x2A4   .absSeg259
.abs_section_2a5                   1   N/I      0x2A5      0x2A5   .absSeg260
.abs_section_2a6                   1   N/I      0x2A6      0x2A6   .absSeg261
.abs_section_2a7                   1   N/I      0x2A7      0x2A7   .absSeg262
.abs_section_2a8                   1   N/I      0x2A8      0x2A8   .absSeg263
.abs_section_2a9                   1   N/I      0x2A9      0x2A9   .absSeg264
.abs_section_2aa                   1   N/I      0x2AA      0x2AA   .absSeg265
.abs_section_2ab                   1   N/I      0x2AB      0x2AB   .absSeg266
.abs_section_2ac                   1   N/I      0x2AC      0x2AC   .absSeg267
.abs_section_2b0                   1   N/I      0x2B0      0x2B0   .absSeg268
.abs_section_2b1                   1   N/I      0x2B1      0x2B1   .absSeg269
.abs_section_2b2                   1   N/I      0x2B2      0x2B2   .absSeg270
.abs_section_2b3                   1   N/I      0x2B3      0x2B3   .absSeg271
.abs_section_2b4                   1   N/I      0x2B4      0x2B4   .absSeg272
.abs_section_2b5                   1   N/I      0x2B5      0x2B5   .absSeg273
.abs_section_2b6                   1   N/I      0x2B6      0x2B6   .absSeg274
.abs_section_2b7                   1   N/I      0x2B7      0x2B7   .absSeg275
.abs_section_2b8                   1   N/I      0x2B8      0x2B8   .absSeg276
.abs_section_2b9                   1   N/I      0x2B9      0x2B9   .absSeg277
.abs_section_2ba                   1   N/I      0x2BA      0x2BA   .absSeg278
.abs_section_2bb                   1   N/I      0x2BB      0x2BB   .absSeg279
.abs_section_2bc                   1   N/I      0x2BC      0x2BC   .absSeg280
.abs_section_2bd                   1   N/I      0x2BD      0x2BD   .absSeg281
.abs_section_0                     2   N/I        0x0        0x1   .absSeg282
.abs_section_2                     2   N/I        0x2        0x3   .absSeg283
.abs_section_1a                    2   N/I       0x1A       0x1B   .absSeg284
.abs_section_44                    2   N/I       0x44       0x45   .absSeg285
.abs_section_50                    2   N/I       0x50       0x51   .absSeg286
.abs_section_52                    2   N/I       0x52       0x53   .absSeg287
.abs_section_54                    2   N/I       0x54       0x55   .absSeg288
.abs_section_56                    2   N/I       0x56       0x57   .absSeg289
.abs_section_58                    2   N/I       0x58       0x59   .absSeg290
.abs_section_5a                    2   N/I       0x5A       0x5B   .absSeg291
.abs_section_5c                    2   N/I       0x5C       0x5D   .absSeg292
.abs_section_5e                    2   N/I       0x5E       0x5F   .absSeg293
.abs_section_62                    2   N/I       0x62       0x63   .absSeg294
.abs_section_64                    2   N/I       0x64       0x65   .absSeg295
.abs_section_72                    2   N/I       0x72       0x73   .absSeg296
.abs_section_74                    2   N/I       0x74       0x75   .absSeg297
.abs_section_76                    2   N/I       0x76       0x77   .absSeg298
.abs_section_78                    2   N/I       0x78       0x79   .absSeg299
.abs_section_7a                    2   N/I       0x7A       0x7B   .absSeg300
.abs_section_7c                    2   N/I       0x7C       0x7D   .absSeg301
.abs_section_7e                    2   N/I       0x7E       0x7F   .absSeg302
.abs_section_82                    2   N/I       0x82       0x83   .absSeg303
.abs_section_84                    2   N/I       0x84       0x85   .absSeg304
.abs_section_90                    2   N/I       0x90       0x91   .absSeg305
.abs_section_92                    2   N/I       0x92       0x93   .absSeg306
.abs_section_94                    2   N/I       0x94       0x95   .absSeg307
.abs_section_96                    2   N/I       0x96       0x97   .absSeg308
.abs_section_98                    2   N/I       0x98       0x99   .absSeg309
.abs_section_9a                    2   N/I       0x9A       0x9B   .absSeg310
.abs_section_9c                    2   N/I       0x9C       0x9D   .absSeg311
.abs_section_9e                    2   N/I       0x9E       0x9F   .absSeg312
.abs_section_ac                    2   N/I       0xAC       0xAD   .absSeg313
.abs_section_ae                    2   N/I       0xAE       0xAF   .absSeg314
.abs_section_b0                    2   N/I       0xB0       0xB1   .absSeg315
.abs_section_b2                    2   N/I       0xB2       0xB3   .absSeg316
.abs_section_b4                    2   N/I       0xB4       0xB5   .absSeg317
.abs_section_b6                    2   N/I       0xB6       0xB7   .absSeg318
.abs_section_b8                    2   N/I       0xB8       0xB9   .absSeg319
.abs_section_ba                    2   N/I       0xBA       0xBB   .absSeg320
.abs_section_bc                    2   N/I       0xBC       0xBD   .absSeg321
.abs_section_be                    2   N/I       0xBE       0xBF   .absSeg322
.abs_section_c0                    2   N/I       0xC0       0xC1   .absSeg323
.abs_section_c2                    2   N/I       0xC2       0xC3   .absSeg324
.abs_section_c8                    2   N/I       0xC8       0xC9   .absSeg325
.abs_section_d0                    2   N/I       0xD0       0xD1   .absSeg326
.abs_section_122                   2   N/I      0x122      0x123   .absSeg327
.abs_section_124                   2   N/I      0x124      0x125   .absSeg328
.abs_section_130                   2   N/I      0x130      0x131   .absSeg329
.abs_section_132                   2   N/I      0x132      0x133   .absSeg330
.abs_section_134                   2   N/I      0x134      0x135   .absSeg331
.abs_section_136                   2   N/I      0x136      0x137   .absSeg332
.abs_section_138                   2   N/I      0x138      0x139   .absSeg333
.abs_section_13a                   2   N/I      0x13A      0x13B   .absSeg334
.abs_section_13c                   2   N/I      0x13C      0x13D   .absSeg335
.abs_section_13e                   2   N/I      0x13E      0x13F   .absSeg336
.abs_section_16e                   2   N/I      0x16E      0x16F   .absSeg337
.abs_section_17e                   2   N/I      0x17E      0x17F   .absSeg338
.abs_section_2ae                   2   N/I      0x2AE      0x2AF   .absSeg339
.abs_section_2be                   2   N/I      0x2BE      0x2BF   .absSeg340
.abs_section_ffe8                  2     R     0xFFE8     0xFFE9   .absSeg341
.abs_section_ffd4                  2     R     0xFFD4     0xFFD5   .absSeg342
.abs_section_ffe0                  2     R     0xFFE0     0xFFE1   .absSeg343
.abs_section_ffde                  2     R     0xFFDE     0xFFDF   .absSeg344
.bss                              16   R/W     0x112E     0x113D   RAM
.common                         1976   R/W     0x113E     0x18F5   RAM
RUNTIME                         1340     R     0xEF72     0xF4AD   ROM_C000
delay.asm._SEC000000              39     R     0xF4AE     0xF4D4   ROM_C000
.vectSeg345_vect                   2     R     0xFFFE     0xFFFF   .vectSeg345

Summary of section sizes per section type:
READ_ONLY (R):        3513 (dec:    13587)
READ_WRITE (R/W):      8F6 (dec:     2294)
NO_INIT (N/I):         190 (dec:      400)

*********************************************************************************************
VECTOR-ALLOCATION SECTION
    Address     InitValue   InitFunction
---------------------------------------------------------------------------------------------
     0xFFFE        0xC029   _Startup

*********************************************************************************************
OBJECT-ALLOCATION SECTION
     Name               Module                 Addr   hSize   dSize     Ref    Section   RLIB
---------------------------------------------------------------------------------------------
MODULE:                 -- mc9s12dg256.c.o --
- PROCEDURES:
- VARIABLES:
     _PORTE                                       8       1       1       0   .abs_section_8
     _DDRE                                        9       1       1       0   .abs_section_9
     _PEAR                                        A       1       1       0   .abs_section_a
     _MODE                                        B       1       1       0   .abs_section_b
     _PUCR                                        C       1       1       0   .abs_section_c
     _RDRIV                                       D       1       1       0   .abs_section_d
     _EBICTL                                      E       1       1       0   .abs_section_e
     _INITRM                                     10       1       1       0   .abs_section_10
     _INITRG                                     11       1       1       0   .abs_section_11
     _INITEE                                     12       1       1       0   .abs_section_12
     _MISC                                       13       1       1       0   .abs_section_13
     _ITCR                                       15       1       1       0   .abs_section_15
     _ITEST                                      16       1       1       0   .abs_section_16
     _MEMSIZ0                                    1C       1       1       0   .abs_section_1c
     _MEMSIZ1                                    1D       1       1       0   .abs_section_1d
     _INTCR                                      1E       1       1       0   .abs_section_1e
     _HPRIO                                      1F       1       1       0   .abs_section_1f
     _BKPCT0                                     28       1       1       0   .abs_section_28
     _BKPCT1                                     29       1       1       0   .abs_section_29
     _BKP0X                                      2A       1       1       0   .abs_section_2a
     _BKP0H                                      2B       1       1       0   .abs_section_2b
     _BKP0L                                      2C       1       1       0   .abs_section_2c
     _BKP1X                                      2D       1       1       0   .abs_section_2d
     _BKP1H                                      2E       1       1       0   .abs_section_2e
     _BKP1L                                      2F       1       1       0   .abs_section_2f
     _PPAGE                                      30       1       1       0   .abs_section_30
     _PORTK                                      32       1       1      15   .abs_section_32
     _DDRK                                       33       1       1       1   .abs_section_33
     _SYNR                                       34       1       1       1   .abs_section_34
     _REFDV                                      35       1       1       1   .abs_section_35
     _CRGFLG                                     37       1       1       1   .abs_section_37
     _CRGINT                                     38       1       1       0   .abs_section_38
     _CLKSEL                                     39       1       1       2   .abs_section_39
     _PLLCTL                                     3A       1       1       1   .abs_section_3a
     _RTICTL                                     3B       1       1       0   .abs_section_3b
     _COPCTL                                     3C       1       1       0   .abs_section_3c
     _ARMCOP                                     3F       1       1       0   .abs_section_3f
     _TIOS                                       40       1       1       2   .abs_section_40
     _CFORC                                      41       1       1       0   .abs_section_41
     _OC7M                                       42       1       1       0   .abs_section_42
     _OC7D                                       43       1       1       0   .abs_section_43
     _TSCR1                                      46       1       1       2   .abs_section_46
     _TTOV                                       47       1       1       0   .abs_section_47
     _TCTL1                                      48       1       1       0   .abs_section_48
     _TCTL2                                      49       1       1       0   .abs_section_49
     _TCTL3                                      4A       1       1       0   .abs_section_4a
     _TCTL4                                      4B       1       1       2   .abs_section_4b
     _TIE                                        4C       1       1       2   .abs_section_4c
     _TSCR2                                      4D       1       1       3   .abs_section_4d
     _TFLG1                                      4E       1       1       5   .abs_section_4e
     _TFLG2                                      4F       1       1       2   .abs_section_4f
     _PACTL                                      60       1       1       0   .abs_section_60
     _PAFLG                                      61       1       1       0   .abs_section_61
     _MCCTL                                      66       1       1       0   .abs_section_66
     _MCFLG                                      67       1       1       0   .abs_section_67
     _ICPAR                                      68       1       1       0   .abs_section_68
     _DLYCT                                      69       1       1       0   .abs_section_69
     _ICOVW                                      6A       1       1       0   .abs_section_6a
     _ICSYS                                      6B       1       1       0   .abs_section_6b
     _PBCTL                                      70       1       1       0   .abs_section_70
     _PBFLG                                      71       1       1       0   .abs_section_71
     _ATD0STAT0                                  86       1       1       0   .abs_section_86
     _ATD0TEST1                                  89       1       1       0   .abs_section_89
     _ATD0STAT1                                  8B       1       1       0   .abs_section_8b
     _ATD0DIEN                                   8D       1       1       0   .abs_section_8d
     _PORTAD0                                    8F       1       1       0   .abs_section_8f
     _PWME                                       A0       1       1       1   .abs_section_a0
     _PWMPOL                                     A1       1       1       1   .abs_section_a1
     _PWMCLK                                     A2       1       1       1   .abs_section_a2
     _PWMPRCLK                                   A3       1       1       1   .abs_section_a3
     _PWMCAE                                     A4       1       1       1   .abs_section_a4
     _PWMCTL                                     A5       1       1       1   .abs_section_a5
     _PWMSCLA                                    A8       1       1       0   .abs_section_a8
     _PWMSCLB                                    A9       1       1       0   .abs_section_a9
     _PWMSDN                                     C4       1       1       0   .abs_section_c4
     _SCI0CR1                                    CA       1       1       0   .abs_section_ca
     _SCI0CR2                                    CB       1       1       0   .abs_section_cb
     _SCI0SR1                                    CC       1       1       0   .abs_section_cc
     _SCI0SR2                                    CD       1       1       0   .abs_section_cd
     _SCI0DRH                                    CE       1       1       0   .abs_section_ce
     _SCI0DRL                                    CF       1       1       0   .abs_section_cf
     _SCI1CR1                                    D2       1       1       1   .abs_section_d2
     _SCI1CR2                                    D3       1       1       3   .abs_section_d3
     _SCI1SR1                                    D4       1       1       2   .abs_section_d4
     _SCI1SR2                                    D5       1       1       0   .abs_section_d5
     _SCI1DRH                                    D6       1       1       0   .abs_section_d6
     _SCI1DRL                                    D7       1       1       2   .abs_section_d7
     _SPI0CR1                                    D8       1       1       0   .abs_section_d8
     _SPI0CR2                                    D9       1       1       0   .abs_section_d9
     _SPI0BR                                     DA       1       1       0   .abs_section_da
     _SPI0SR                                     DB       1       1       0   .abs_section_db
     _SPI0DR                                     DD       1       1       0   .abs_section_dd
     _IBAD                                       E0       1       1       1   .abs_section_e0
     _IBFD                                       E1       1       1       1   .abs_section_e1
     _IBCR                                       E2       1       1       9   .abs_section_e2
     _IBSR                                       E3       1       1      11   .abs_section_e3
     _IBDR                                       E4       1       1       7   .abs_section_e4
     _SPI1CR1                                    F0       1       1       0   .abs_section_f0
     _SPI1CR2                                    F1       1       1       0   .abs_section_f1
     _SPI1BR                                     F2       1       1       0   .abs_section_f2
     _SPI1SR                                     F3       1       1       0   .abs_section_f3
     _SPI1DR                                     F5       1       1       0   .abs_section_f5
     _SPI2CR1                                    F8       1       1       0   .abs_section_f8
     _SPI2CR2                                    F9       1       1       0   .abs_section_f9
     _SPI2BR                                     FA       1       1       0   .abs_section_fa
     _SPI2SR                                     FB       1       1       0   .abs_section_fb
     _SPI2DR                                     FD       1       1       0   .abs_section_fd
     _FCLKDIV                                   100       1       1       0   .abs_section_100
     _FSEC                                      101       1       1       0   .abs_section_101
     _FCNFG                                     103       1       1       0   .abs_section_103
     _FPROT                                     104       1       1       0   .abs_section_104
     _FSTAT                                     105       1       1       0   .abs_section_105
     _FCMD                                      106       1       1       0   .abs_section_106
     _ECLKDIV                                   110       1       1       0   .abs_section_110
     _ECNFG                                     113       1       1       0   .abs_section_113
     _EPROT                                     114       1       1       0   .abs_section_114
     _ESTAT                                     115       1       1       0   .abs_section_115
     _ECMD                                      116       1       1       0   .abs_section_116
     _ATD1STAT0                                 126       1       1       0   .abs_section_126
     _ATD1TEST1                                 129       1       1       0   .abs_section_129
     _ATD1STAT1                                 12B       1       1       0   .abs_section_12b
     _ATD1DIEN                                  12D       1       1       0   .abs_section_12d
     _PORTAD1                                   12F       1       1       0   .abs_section_12f
     _CAN0CTL0                                  140       1       1       0   .abs_section_140
     _CAN0CTL1                                  141       1       1       0   .abs_section_141
     _CAN0BTR0                                  142       1       1       0   .abs_section_142
     _CAN0BTR1                                  143       1       1       0   .abs_section_143
     _CAN0RFLG                                  144       1       1       0   .abs_section_144
     _CAN0RIER                                  145       1       1       0   .abs_section_145
     _CAN0TFLG                                  146       1       1       0   .abs_section_146
     _CAN0TIER                                  147       1       1       0   .abs_section_147
     _CAN0TARQ                                  148       1       1       0   .abs_section_148
     _CAN0TAAK                                  149       1       1       0   .abs_section_149
     _CAN0TBSEL                                 14A       1       1       0   .abs_section_14a
     _CAN0IDAC                                  14B       1       1       0   .abs_section_14b
     _CAN0RXERR                                 14E       1       1       0   .abs_section_14e
     _CAN0TXERR                                 14F       1       1       0   .abs_section_14f
     _CAN0IDAR0                                 150       1       1       0   .abs_section_150
     _CAN0IDAR1                                 151       1       1       0   .abs_section_151
     _CAN0IDAR2                                 152       1       1       0   .abs_section_152
     _CAN0IDAR3                                 153       1       1       0   .abs_section_153
     _CAN0IDMR0                                 154       1       1       0   .abs_section_154
     _CAN0IDMR1                                 155       1       1       0   .abs_section_155
     _CAN0IDMR2                                 156       1       1       0   .abs_section_156
     _CAN0IDMR3                                 157       1       1       0   .abs_section_157
     _CAN0IDAR4                                 158       1       1       0   .abs_section_158
     _CAN0IDAR5                                 159       1       1       0   .abs_section_159
     _CAN0IDAR6                                 15A       1       1       0   .abs_section_15a
     _CAN0IDAR7                                 15B       1       1       0   .abs_section_15b
     _CAN0IDMR4                                 15C       1       1       0   .abs_section_15c
     _CAN0IDMR5                                 15D       1       1       0   .abs_section_15d
     _CAN0IDMR6                                 15E       1       1       0   .abs_section_15e
     _CAN0IDMR7                                 15F       1       1       0   .abs_section_15f
     _CAN0RXIDR0                                160       1       1       0   .abs_section_160
     _CAN0RXIDR1                                161       1       1       0   .abs_section_161
     _CAN0RXIDR2                                162       1       1       0   .abs_section_162
     _CAN0RXIDR3                                163       1       1       0   .abs_section_163
     _CAN0RXDSR0                                164       1       1       0   .abs_section_164
     _CAN0RXDSR1                                165       1       1       0   .abs_section_165
     _CAN0RXDSR2                                166       1       1       0   .abs_section_166
     _CAN0RXDSR3                                167       1       1       0   .abs_section_167
     _CAN0RXDSR4                                168       1       1       0   .abs_section_168
     _CAN0RXDSR5                                169       1       1       0   .abs_section_169
     _CAN0RXDSR6                                16A       1       1       0   .abs_section_16a
     _CAN0RXDSR7                                16B       1       1       0   .abs_section_16b
     _CAN0RXDLR                                 16C       1       1       0   .abs_section_16c
     _CAN0TXIDR0                                170       1       1       0   .abs_section_170
     _CAN0TXIDR1                                171       1       1       0   .abs_section_171
     _CAN0TXIDR2                                172       1       1       0   .abs_section_172
     _CAN0TXIDR3                                173       1       1       0   .abs_section_173
     _CAN0TXDSR0                                174       1       1       0   .abs_section_174
     _CAN0TXDSR1                                175       1       1       0   .abs_section_175
     _CAN0TXDSR2                                176       1       1       0   .abs_section_176
     _CAN0TXDSR3                                177       1       1       0   .abs_section_177
     _CAN0TXDSR4                                178       1       1       0   .abs_section_178
     _CAN0TXDSR5                                179       1       1       0   .abs_section_179
     _CAN0TXDSR6                                17A       1       1       0   .abs_section_17a
     _CAN0TXDSR7                                17B       1       1       0   .abs_section_17b
     _CAN0TXDLR                                 17C       1       1       0   .abs_section_17c
     _CAN0TXTBPR                                17D       1       1       0   .abs_section_17d
     _PTT                                       240       1       1       0   .abs_section_240
     _PTIT                                      241       1       1       0   .abs_section_241
     _DDRT                                      242       1       1       0   .abs_section_242
     _RDRT                                      243       1       1       0   .abs_section_243
     _PERT                                      244       1       1       0   .abs_section_244
     _PPST                                      245       1       1       0   .abs_section_245
     _PTS                                       248       1       1       0   .abs_section_248
     _PTIS                                      249       1       1       0   .abs_section_249
     _DDRS                                      24A       1       1       0   .abs_section_24a
     _RDRS                                      24B       1       1       0   .abs_section_24b
     _PERS                                      24C       1       1       0   .abs_section_24c
     _PPSS                                      24D       1       1       0   .abs_section_24d
     _WOMS                                      24E       1       1       0   .abs_section_24e
     _PTM                                       250       1       1       0   .abs_section_250
     _PTIM                                      251       1       1       0   .abs_section_251
     _DDRM                                      252       1       1       0   .abs_section_252
     _RDRM                                      253       1       1       0   .abs_section_253
     _PERM                                      254       1       1       0   .abs_section_254
     _PPSM                                      255       1       1       0   .abs_section_255
     _WOMM                                      256       1       1       0   .abs_section_256
     _MODRR                                     257       1       1       0   .abs_section_257
     _PTP                                       258       1       1       2   .abs_section_258
     _PTIP                                      259       1       1       0   .abs_section_259
     _DDRP                                      25A       1       1       1   .abs_section_25a
     _RDRP                                      25B       1       1       0   .abs_section_25b
     _PERP                                      25C       1       1       0   .abs_section_25c
     _PPSP                                      25D       1       1       0   .abs_section_25d
     _PIEP                                      25E       1       1       0   .abs_section_25e
     _PIFP                                      25F       1       1       0   .abs_section_25f
     _PTH                                       260       1       1       0   .abs_section_260
     _PTIH                                      261       1       1       0   .abs_section_261
     _DDRH                                      262       1       1       0   .abs_section_262
     _RDRH                                      263       1       1       0   .abs_section_263
     _PERH                                      264       1       1       0   .abs_section_264
     _PPSH                                      265       1       1       0   .abs_section_265
     _PIEH                                      266       1       1       0   .abs_section_266
     _PIFH                                      267       1       1       0   .abs_section_267
     _PTJ                                       268       1       1       1   .abs_section_268
     _PTIJ                                      269       1       1       0   .abs_section_269
     _DDRJ                                      26A       1       1       1   .abs_section_26a
     _RDRJ                                      26B       1       1       0   .abs_section_26b
     _PERJ                                      26C       1       1       0   .abs_section_26c
     _PPSJ                                      26D       1       1       0   .abs_section_26d
     _PIEJ                                      26E       1       1       0   .abs_section_26e
     _PIFJ                                      26F       1       1       0   .abs_section_26f
     _CAN4CTL0                                  280       1       1       0   .abs_section_280
     _CAN4CTL1                                  281       1       1       0   .abs_section_281
     _CAN4BTR0                                  282       1       1       0   .abs_section_282
     _CAN4BTR1                                  283       1       1       0   .abs_section_283
     _CAN4RFLG                                  284       1       1       0   .abs_section_284
     _CAN4RIER                                  285       1       1       0   .abs_section_285
     _CAN4TFLG                                  286       1       1       0   .abs_section_286
     _CAN4TIER                                  287       1       1       0   .abs_section_287
     _CAN4TARQ                                  288       1       1       0   .abs_section_288
     _CAN4TAAK                                  289       1       1       0   .abs_section_289
     _CAN4TBSEL                                 28A       1       1       0   .abs_section_28a
     _CAN4IDAC                                  28B       1       1       0   .abs_section_28b
     _CAN4RXERR                                 28E       1       1       0   .abs_section_28e
     _CAN4TXERR                                 28F       1       1       0   .abs_section_28f
     _CAN4IDAR0                                 290       1       1       0   .abs_section_290
     _CAN4IDAR1                                 291       1       1       0   .abs_section_291
     _CAN4IDAR2                                 292       1       1       0   .abs_section_292
     _CAN4IDAR3                                 293       1       1       0   .abs_section_293
     _CAN4IDMR0                                 294       1       1       0   .abs_section_294
     _CAN4IDMR1                                 295       1       1       0   .abs_section_295
     _CAN4IDMR2                                 296       1       1       0   .abs_section_296
     _CAN4IDMR3                                 297       1       1       0   .abs_section_297
     _CAN4IDAR4                                 298       1       1       0   .abs_section_298
     _CAN4IDAR5                                 299       1       1       0   .abs_section_299
     _CAN4IDAR6                                 29A       1       1       0   .abs_section_29a
     _CAN4IDAR7                                 29B       1       1       0   .abs_section_29b
     _CAN4IDMR4                                 29C       1       1       0   .abs_section_29c
     _CAN4IDMR5                                 29D       1       1       0   .abs_section_29d
     _CAN4IDMR6                                 29E       1       1       0   .abs_section_29e
     _CAN4IDMR7                                 29F       1       1       0   .abs_section_29f
     _CAN4RXIDR0                                2A0       1       1       0   .abs_section_2a0
     _CAN4RXIDR1                                2A1       1       1       0   .abs_section_2a1
     _CAN4RXIDR2                                2A2       1       1       0   .abs_section_2a2
     _CAN4RXIDR3                                2A3       1       1       0   .abs_section_2a3
     _CAN4RXDSR0                                2A4       1       1       0   .abs_section_2a4
     _CAN4RXDSR1                                2A5       1       1       0   .abs_section_2a5
     _CAN4RXDSR2                                2A6       1       1       0   .abs_section_2a6
     _CAN4RXDSR3                                2A7       1       1       0   .abs_section_2a7
     _CAN4RXDSR4                                2A8       1       1       0   .abs_section_2a8
     _CAN4RXDSR5                                2A9       1       1       0   .abs_section_2a9
     _CAN4RXDSR6                                2AA       1       1       0   .abs_section_2aa
     _CAN4RXDSR7                                2AB       1       1       0   .abs_section_2ab
     _CAN4RXDLR                                 2AC       1       1       0   .abs_section_2ac
     _CAN4TXIDR0                                2B0       1       1       0   .abs_section_2b0
     _CAN4TXIDR1                                2B1       1       1       0   .abs_section_2b1
     _CAN4TXIDR2                                2B2       1       1       0   .abs_section_2b2
     _CAN4TXIDR3                                2B3       1       1       0   .abs_section_2b3
     _CAN4TXDSR0                                2B4       1       1       0   .abs_section_2b4
     _CAN4TXDSR1                                2B5       1       1       0   .abs_section_2b5
     _CAN4TXDSR2                                2B6       1       1       0   .abs_section_2b6
     _CAN4TXDSR3                                2B7       1       1       0   .abs_section_2b7
     _CAN4TXDSR4                                2B8       1       1       0   .abs_section_2b8
     _CAN4TXDSR5                                2B9       1       1       0   .abs_section_2b9
     _CAN4TXDSR6                                2BA       1       1       0   .abs_section_2ba
     _CAN4TXDSR7                                2BB       1       1       0   .abs_section_2bb
     _CAN4TXDLR                                 2BC       1       1       0   .abs_section_2bc
     _CAN4TXTBPR                                2BD       1       1       0   .abs_section_2bd
     _PORTAB                                      0       2       2      17   .abs_section_0
     _DDRAB                                       2       2       2       3   .abs_section_2
     _PARTID                                     1A       2       2       0   .abs_section_1a
     _TCNT                                       44       2       2       2   .abs_section_44
     _TC0                                        50       2       2       0   .abs_section_50
     _TC1                                        52       2       2       2   .abs_section_52
     _TC2                                        54       2       2       0   .abs_section_54
     _TC3                                        56       2       2       1   .abs_section_56
     _TC4                                        58       2       2       0   .abs_section_58
     _TC5                                        5A       2       2       0   .abs_section_5a
     _TC6                                        5C       2       2       0   .abs_section_5c
     _TC7                                        5E       2       2       1   .abs_section_5e
     _PACN32                                     62       2       2       0   .abs_section_62
     _PACN10                                     64       2       2       0   .abs_section_64
     _PA32H                                      72       2       2       0   .abs_section_72
     _PA10H                                      74       2       2       0   .abs_section_74
     _MCCNT                                      76       2       2       0   .abs_section_76
     _TC0H                                       78       2       2       0   .abs_section_78
     _TC1H                                       7A       2       2       0   .abs_section_7a
     _TC2H                                       7C       2       2       0   .abs_section_7c
     _TC3H                                       7E       2       2       0   .abs_section_7e
     _ATD0CTL23                                  82       2       2       0   .abs_section_82
     _ATD0CTL45                                  84       2       2       0   .abs_section_84
     _ATD0DR0                                    90       2       2       0   .abs_section_90
     _ATD0DR1                                    92       2       2       0   .abs_section_92
     _ATD0DR2                                    94       2       2       0   .abs_section_94
     _ATD0DR3                                    96       2       2       0   .abs_section_96
     _ATD0DR4                                    98       2       2       0   .abs_section_98
     _ATD0DR5                                    9A       2       2       0   .abs_section_9a
     _ATD0DR6                                    9C       2       2       0   .abs_section_9c
     _ATD0DR7                                    9E       2       2       0   .abs_section_9e
     _PWMCNT01                                   AC       2       2       0   .abs_section_ac
     _PWMCNT23                                   AE       2       2       0   .abs_section_ae
     _PWMCNT45                                   B0       2       2       0   .abs_section_b0
     _PWMCNT67                                   B2       2       2       0   .abs_section_b2
     _PWMPER01                                   B4       2       2       0   .abs_section_b4
     _PWMPER23                                   B6       2       2       0   .abs_section_b6
     _PWMPER45                                   B8       2       2       2   .abs_section_b8
     _PWMPER67                                   BA       2       2       2   .abs_section_ba
     _PWMDTY01                                   BC       2       2       0   .abs_section_bc
     _PWMDTY23                                   BE       2       2       0   .abs_section_be
     _PWMDTY45                                   C0       2       2       2   .abs_section_c0
     _PWMDTY67                                   C2       2       2       2   .abs_section_c2
     _SCI0BD                                     C8       2       2       0   .abs_section_c8
     _SCI1BD                                     D0       2       2       9   .abs_section_d0
     _ATD1CTL23                                 122       2       2       0   .abs_section_122
     _ATD1CTL45                                 124       2       2       0   .abs_section_124
     _ATD1DR0                                   130       2       2       0   .abs_section_130
     _ATD1DR1                                   132       2       2       0   .abs_section_132
     _ATD1DR2                                   134       2       2       0   .abs_section_134
     _ATD1DR3                                   136       2       2       0   .abs_section_136
     _ATD1DR4                                   138       2       2       0   .abs_section_138
     _ATD1DR5                                   13A       2       2       0   .abs_section_13a
     _ATD1DR6                                   13C       2       2       0   .abs_section_13c
     _ATD1DR7                                   13E       2       2       0   .abs_section_13e
     _CAN0RXTSR                                 16E       2       2       0   .abs_section_16e
     _CAN0TXTSR                                 17E       2       2       0   .abs_section_17e
     _CAN4RXTSR                                 2AE       2       2       0   .abs_section_2ae
     _CAN4TXTSR                                 2BE       2       2       0   .abs_section_2be
MODULE:                 -- main.c.o --
- PROCEDURES:
     main                                      C4C6     249     585      21   .text       
     find_edges                                C70F     2BC     700      27   .text       
     sweep                                     C9CB     132     306       2   .text       
     full_scan                                 CAFD     1AA     426       7   .text       
     servo_test                                CCA7     1B9     441      14   .text       
     lidar_test                                CE60      AE     174       3   .text       
     gyro_test                                 CF0E      80     128       1   .text       
     accel_test                                CF8E      5D      93       1   .text       
     magnet_test                               CFEB      5F      95       1   .text       
     str2num                                   D04A      51      81       3   .text       
     getkey                                    D09B      F2     242       8   .text       
     getkey_string                             D18D      A5     165       2   .text       
     delay_ms                                  D232      1F      31      10   .text       
     getc_buffer                               D251      25      37       9   .text       
     send_point                                D276      79     121       2   .text       
     display_angle                             D2EF      61      97       9   .text       
     segment_init                              D350      14      20       1   .text       
     segment_stop                              D364       C      12       1   .text       
     timer3_ISR                                D370      60      96       1   .text       
     serial_ISR                                D3D0      29      41       1   .text       
- VARIABLES:
     STRING.Press.key.on.1                     C113       D      13       1   .rodata1    
     STRING.Board.or.PC.2                      C120       C      12       1   .rodata1    
     STRING.b..3                               C12C       3       3       1   .rodata1    
     STRING.p..4                               C12F       3       3       1   .rodata1    
     STRING.1.Scan.5                           C132       7       7       1   .rodata1    
     STRING.2.Test.6                           C139       7       7       1   .rodata1    
     STRING.a..7                               C140       3       3       1   .rodata1    
     STRING..1._._Scanning_Mode_.8             C143      2D      45       1   .rodata1    
     STRING.a..9                               C170       3       3       1   .rodata1    
     STRING..1._._Scanning.Mode_.10            C173      2D      45       1   .rodata1    
     STRING.Resolution..11                     C1A0       C      12       1   .rodata1    
     STRING.....12                             C1AC       4       4       1   .rodata1    
     STRING.a..13                              C1B0       3       3       1   .rodata1    
     STRING.Enter_scan_resolutio.14            C1B3      19      25       1   .rodata1    
     STRING.Samples..15                        C1CC       9       9       1   .rodata1    
     STRING.....16                             C1D5       4       4       1   .rodata1    
     STRING.a..17                              C1D9       3       3       1   .rodata1    
     STRING.Enter_samples_per_po.18            C1DC      1B      27       1   .rodata1    
     STRING.Scan.Delay..19                     C1F7       C      12       1   .rodata1    
     STRING.....20                             C203       4       4       1   .rodata1    
     STRING.a..21                              C207       3       3       1   .rodata1    
     STRING.Enter_the_scan_delay.22            C20A      22      34       1   .rodata1    
     STRING.1.Full.Scan.23                     C22C       C      12       1   .rodata1    
     STRING.2.Rectangle.Scan.24                C238      11      17       1   .rodata1    
     STRING.a..25                              C249       3       3       1   .rodata1    
     STRING.1_._Full_Scan______2.26            C24C      27      39       1   .rodata1    
     STRING.1.Servo.2.LIDAR.27                 C273      10      16       1   .rodata1    
     STRING.3.Gy..4.Ac..5.Ma.28                C283      11      17       1   .rodata1    
     STRING.a..29                              C294       3       3       1   .rodata1    
     STRING.1_._Servo_Test____2_.30            C297      66     102       1   .rodata1    
     STRING..1..31                             C2FD       4       4       1   .rodata1    
     STRING.d..32                              C301       3       3       1   .rodata1    
     STRING.sweep..33                          C304       7       7       1   .rodata1    
     STRING...1f.34                            C30B       5       5       1   .rodata1    
     STRING...0f.35                            C310       5       5       1   .rodata1    
     STRING.Dist...36                          C315       7       7       1   .rodata1    
     STRING.mm.37                              C31C       3       3       1   .rodata1    
     STRING..1..38                             C31F       4       4       1   .rodata1    
     STRING.d..49                              C323       3       3       1   .rodata1    
     STRING.full..50                           C326       6       6       1   .rodata1    
     STRING...1f.51                            C32C       5       5       1   .rodata1    
     STRING...0f.52                            C331       5       5       1   .rodata1    
     STRING.Dist...53                          C336       7       7       1   .rodata1    
     STRING.mm.54                              C33D       3       3       1   .rodata1    
     STRING..1..55                             C340       4       4       1   .rodata1    
     STRING.....56                             C344       4       4       1   .rodata1    
     STRING.a..57                              C348       3       3       1   .rodata1    
     STRING.Enter_angle._..58                  C34B       F      15       1   .rodata1    
     STRING.a..59                              C35A       3       3       1   .rodata1    
     STRING.Enter_angle._..60                  C35D       F      15       1   .rodata1    
     STRING..................61                C36C      11      17       1   .rodata1    
     STRING.....62                             C37D       4       4       1   .rodata1    
     STRING.a..63                              C381       3       3       1   .rodata1    
     STRING.Enter_angle._..64                  C384       F      15       1   .rodata1    
     STRING..................65                C393      11      17       1   .rodata1    
     STRING.....66                             C3A4       4       4       1   .rodata1    
     STRING.a..67                              C3A8       3       3       1   .rodata1    
     STRING.Enter_angle._..68                  C3AB       F      15       1   .rodata1    
     STRING..................69                C3BA      11      17       1   .rodata1    
     STRING.....70                             C3CB       4       4       1   .rodata1    
     STRING.Samples..71                        C3CF       9       9       1   .rodata1    
     STRING.....72                             C3D8       4       4       1   .rodata1    
     STRING.a..73                              C3DC       3       3       1   .rodata1    
     STRING.Enter_samples_per_po.74            C3DF      1B      27       1   .rodata1    
     STRING.l..75                              C3FA       3       3       1   .rodata1    
     STRING...0f.76                            C3FD       5       5       1   .rodata1    
     STRING.Distance...77                      C402       B      11       1   .rodata1    
     STRING.mm.78                              C40D       3       3       1   .rodata1    
     STRING..................79                C410      11      17       1   .rodata1    
     STRING.Gyroscope.80                       C421       A      10       1   .rodata1    
     STRING.g..81                              C42B       3       3       1   .rodata1    
     STRING..d..82                             C42E       4       4       1   .rodata1    
     STRING..d..83                             C432       4       4       1   .rodata1    
     STRING..................84                C436      11      17       1   .rodata1    
     STRING.Accelerometer.85                   C447       E      14       1   .rodata1    
     STRING.t..86                              C455       3       3       1   .rodata1    
     STRING..d..87                             C458       4       4       1   .rodata1    
     STRING..................88                C45C      11      17       1   .rodata1    
     STRING.Magnetometer.89                    C46D       D      13       1   .rodata1    
     STRING.m..90                              C47A       3       3       1   .rodata1    
     STRING..d..91                             C47D       4       4       1   .rodata1    
     STRING..................92                C481      11      17       1   .rodata1    
     STRING.....93                             C492       4       4       1   .rodata1    
     STRING...1f.94                            C496       5       5       1   .rodata1    
     STRING...1f.95                            C49B       5       5       1   .rodata1    
     STRING...0f.96                            C4A0       5       5       1   .rodata1    
     STRING..................97                C4A5      11      17       1   .rodata1    
     STRING...1f.98                            C4B6       5       5       1   .rodata1    
     STRING.P..99                              C4BB       3       3       1   .rodata1    
     STRING...1f.100                           C4BE       5       5       1   .rodata1    
     STRING.T..101                             C4C3       3       3       1   .rodata1    
     buffer_ptr                                1100       2       2      14   .data       
     write_ptr                                 1102       2       2       9   .data       
     read_ptr                                  1104       2       2       8   .data       
     digits                                    1106      20      32       1   .data       
     enable_disp                               1126       8       8       1   .data       
     pc_mode                                   112E       2       2      22   .bss        
     segment_count                             1130       2       2       4   .bss        
     _Vector_11                                FFE8       2       2       0   .abs_section_ffe8
     _Vector_21                                FFD4       2       2       0   .abs_section_ffd4
     keypad_buffer                             113E       A      10       8   .common     
     input_buffer                              1148      64     100       4   .common     
     string                                    11AC      14      20      29   .common     
     distance                                  11C0       4       4      26   .common     
     button_press                              11C4       1       1      10   .common     
     shape_edges                               11C5      10      16      22   .common     
MODULE:                 -- Start12.c.o --
- PROCEDURES:
     Init                                      C000      29      41       1   .init       
     _Startup                                  C029       8       8       0   .init       
- VARIABLES:
     _startupData                              C031       6       6       3   .startData  
- LABELS:
     __SEG_END_SSTACK                          1100       0       0       1               
MODULE:                 -- CTYPE.C.o (ansis.lib) --
- PROCEDURES:
     isdigit                                   D3F9       E      14       2   .text       
     isspace                                   D407      17      23       1   .text       
     toupper                                   D41E      14      20       1   .text       
- VARIABLES:
MODULE:                 -- MATH.C.o (ansis.lib) --
- PROCEDURES:
     logb                                      D432       E      14       2   .text       
     fabs                                      D440      10      16       3   .text       
     is_special                                D450      3C      60       3   .text       
     SetSign                                   D48C      20      32       2   .text       
     atan2                                     D4AC     4FB    1275      35   .text       
- VARIABLES:
     infinity                                  C03B       4       4       4   .rodata     
MODULE:                 -- PRINTF.C.o (ansis.lib) --
- PROCEDURES:
     Ten                                       D9A7      AC     172       3   .text       
     vprintf                                   DA53     92D    2349     110   .text       
     _out                                      E380       C      12      17   .text       
     deposit_char                              E38C       F      15       1   .text       
     sprintf                                   E39B      29      41      14   .text       
- VARIABLES:
     pow10                                     C03F      28      40       6   .rodata     
     pow16                                     C067      20      32       4   .rodata     
     pow8                                      C087      2C      44       4   .rodata     
     fpow10                                    C0B3      30      48       1   .rodata     
     fpow_10                                   C0E3      30      48       1   .rodata     
     pbuf                                      1132       6       6      15   .bss        
MODULE:                 -- STDLIB.C.o (ansis.lib) --
- PROCEDURES:
     _strtod                                   E3C4     38F     911      20   .text       
     strtod                                    E753      10      16       2   .text       
     abs                                       E763       A      10       2   .text       
- VARIABLES:
MODULE:                 -- STRING.C.o (ansis.lib) --
- PROCEDURES:
     memset                                    E76D      18      24       8   .text       
     strlen                                    E785      14      20       2   .text       
- VARIABLES:
MODULE:                 -- DANSI.C.o (ansis.lib) --
- PROCEDURES:
     frexp                                     EF72       3       3       1   RUNTIME     
     ldexp                                     EF75       3       3       2   RUNTIME     
- VARIABLES:
[...]
SL_PULK                   USES L_NEGK 
_Vector_21                USES serial_ISR 
_Vector_16                USES timov 
_Vector_15                USES TC7_ISR 
_Vector_11                USES timer3_ISR 

*********************************************************************************************
DEPENDENCY TREE
*********************************************************************************************
 main and _Startup Group
 | 
 +- main                
 |  | 
 |  +- servo_init          
 |  |    
 |  +- lcd_init            
 |  |  | 
 |  |  +- delay1ms            
 |  |  |    
 |  |  +- cmd2LCD             
 |  |     | 
 |  |     +- delay1ms             (see above)
 |  |        
 |  +- SCI1_Init           
 |  |  | 
 |  |  +- _CASE_CHECKED_BYTE  
 |  |       
 |  +- init_imu            
 |  |  | 
 |  |  +- PLL_Init            
 |  |  |    
 |  |  +- iicinit             
 |  |  |    
 |  |  +- gyro_init           
 |  |  |  | 
 |  |  |  +- iicstart            
 |  |  |  |  | 
 |  |  |  |  +- setAlarm            
 |  |  |  |  |    
 |  |  |  |  +- iicresponse         
 |  |  |  |     | 
 |  |  |  |     +- setAlarm             (see above)
 |  |  |  |     |  
 |  |  |  |     +- iicstop             
 |  |  |  |          
 |  |  |  +- iictransmit         
 |  |  |  |  | 
 |  |  |  |  +- iicresponse          (see above)
 |  |  |  |     
 |  |  |  +- iicstop              (see above)
 |  |  |     
 |  |  +- accel_init          
 |  |  |  | 
 |  |  |  +- iicstart             (see above)
 |  |  |  |  
 |  |  |  +- iictransmit          (see above)
 |  |  |  |  
 |  |  |  +- iicstop              (see above)
 |  |  |     
 |  |  +- magnet_init         
 |  |     | 
 |  |     +- iicstart             (see above)
 |  |     |  
 |  |     +- iictransmit          (see above)
 |  |     |  
 |  |     +- iicstop              (see above)
 |  |        
 |  +- cmd2LCD              (see above)
 |  |  
 |  +- putsLCD             
 |  |  | 
 |  |  +- putcLCD             
 |  |     | 
 |  |     +- delay1ms             (see above)
 |  |        
 |  +- getkey              
 |  |  | 
 |  |  +- delay_ms            
 |  |       
 |  +- getc_buffer         
 |  |    
 |  +- SCI1_OutString      
 |  |  | 
 |  |  +- SCI1_OutChar        
 |  |       
 |  +- strtod              
 |  |  | 
 |  |  +- _strtod             
 |  |     | 
 |  |     +- isspace             
 |  |     |    
 |  |     +- isdigit             
 |  |     |    
 |  |     +- _CASE_CHECKED_BYTE   (see above)
 |  |     |  
 |  |     +- _FCMP               
 |  |     |    
 |  |     +- _FSFLOAT            
 |  |     |  | 
 |  |     |  +- SL_PULK             
 |  |     |  |  | 
 |  |     |  |  +- L_NEGK              
 |  |     |  |     | 
 |  |     |  |     +- _NEG_P              
 |  |     |  |          
 |  |     |  +- F_FRLONGK           
 |  |     |  |    
 |  |     |  +- F_PSHK              
 |  |     |       
 |  |     +- _FSUB               
 |  |     |  | 
 |  |     |  +- _FADD               
 |  |     |     | 
 |  |     |     +- F_PULK              
 |  |     |     |    
 |  |     |     +- F_PULL              
 |  |     |     |    
 |  |     |     +- F_ADDKL             
 |  |     |     |  | 
 |  |     |     |  +- F_XGKL              
 |  |     |     |  |    
 |  |     |     |  +- F_NORMK             
 |  |     |     |     | 
 |  |     |     |     +- F_MAXK              
 |  |     |     |        | 
 |  |     |     |        +- F_CLRK              
 |  |     |     |             
 |  |     |     +- F_PSHK               (see above)
 |  |     |        
 |  |     +- _FADD                (see above)
 |  |     |  
 |  |     +- _ILSEXT             
 |  |     |    
 |  |     +- _FDIV               
 |  |     |  | 
 |  |     |  +- F_PULL               (see above)
 |  |     |  |  
 |  |     |  +- F_PULK               (see above)
 |  |     |  |  
 |  |     |  +- F_DIVKL             
 |  |     |  |  | 
 |  |     |  |  +- F_MAXK               (see above)
 |  |     |  |  |  
 |  |     |  |  +- F_NORMK              (see above)
 |  |     |  |     
 |  |     |  +- F_PSHK               (see above)
 |  |     |     
 |  |     +- _FMUL               
 |  |     |  | 
 |  |     |  +- F_PULK               (see above)
 |  |     |  |  
 |  |     |  +- F_PULL               (see above)
 |  |     |  |  
 |  |     |  +- F_MULKL             
 |  |     |  |  | 
 |  |     |  |  +- F_CLRK               (see above)
 |  |     |  |  |  
 |  |     |  |  +- F_NORMK              (see above)
 |  |     |  |     
 |  |     |  +- F_PSHK               (see above)
 |  |     |     
 |  |     +- toupper             
 |  |     |    
 |  |     +- _FNEG               
 |  |          
 |  +- _FCMP                (see above)
 |  |  
 |  +- str2num             
 |  |  | 
 |  |  +- strlen              
 |  |       
 |  +- _FMUL                (see above)
 |  |  
 |  +- _ILSEXT              (see above)
 |  |  
 |  +- _FSFLOAT             (see above)
 |  |  
 |  +- find_edges          
 |  |  | 
 |  |  +- _FADD                (see above)
 |  |  |  
 |  |  +- cmd2LCD              (see above)
 |  |  |  
 |  |  +- tilt_servo          
 |  |  |  | 
 |  |  |  +- _FADD                (see above)
 |  |  |  |  
 |  |  |  +- _FMUL                (see above)
 |  |  |  |  
 |  |  |  +- _FSTRUNC            
 |  |  |     | 
 |  |  |     +- F_PULK               (see above)
 |  |  |     |  
 |  |  |     +- F_TOLONGK           
 |  |  |     |    
 |  |  |     +- L_PSHK              
 |  |  |        | 
 |  |  |        +- L_NEGK               (see above)
 |  |  |           
 |  |  +- delay_ms             (see above)
 |  |  |  
 |  |  +- pan_servo           
 |  |  |  | 
 |  |  |  +- _FADD                (see above)
 |  |  |  |  
 |  |  |  +- _FMUL                (see above)
 |  |  |  |  
 |  |  |  +- _FSTRUNC             (see above)
 |  |  |     
 |  |  +- _FSUB                (see above)
 |  |  |  
 |  |  +- _FCMP                (see above)
 |  |  |  
 |  |  +- SCI1_OutString       (see above)
 |  |  |  
 |  |  +- _FDIV                (see above)
 |  |  |  
 |  |  +- display_angle       
 |  |  |  | 
 |  |  |  +- cmd2LCD              (see above)
 |  |  |  |  
 |  |  |  +- putsLCD              (see above)
 |  |  |  |  
 |  |  |  +- sprintf             
 |  |  |     | 
 |  |  |     +- deposit_char        
 |  |  |     |    
 |  |  |     +- vprintf             
 |  |  |        | 
 |  |  |        +- _out                
 |  |  |        |    
 |  |  |        +- _CASE_SEARCH_8_BYTE 
 |  |  |        |    
 |  |  |        +- _CASE_DIRECT_BYTE   
 |  |  |        |    
 |  |  |        +- _CASE_SEARCH_8      
 |  |  |        |    
 |  |  |        +- _ILSEXT              (see above)
 |  |  |        |  
 |  |  |        +- _LNEG               
 |  |  |        |    
 |  |  |        +- _LCMP_P             
 |  |  |        |    
 |  |  |        +- _FNEG                (see above)
 |  |  |        |  
 |  |  |        +- frexpf              
 |  |  |        |  | 
 |  |  |        |  +- F_PULL               (see above)
 |  |  |        |  |  
 |  |  |        |  +- F_TLK               
 |  |  |        |  |    
 |  |  |        |  +- F_FREXP             
 |  |  |        |  |  | 
 |  |  |        |  |  +- F_NORMK              (see above)
 |  |  |        |  |     
 |  |  |        |  +- F_PSHK               (see above)
 |  |  |        |     
 |  |  |        +- _FMUL                (see above)
 |  |  |        |  
 |  |  |        +- _FADD                (see above)
 |  |  |        |  
 |  |  |        +- _BDIVMODS           
 |  |  |        |    
 |  |  |        +- Ten                 
 |  |  |        |  | 
 |  |  |        |  +- _FMUL                (see above)
 |  |  |        |     
 |  |  |        +- _FUTRUNC            
 |  |  |        |  | 
 |  |  |        |  +- _FSTRUNC             (see above)
 |  |  |        |     
 |  |  |        +- _FUFLOAT            
 |  |  |        |  | 
 |  |  |        |  +- UL_PULK             
 |  |  |        |  |    
 |  |  |        |  +- F_FRLONGK            (see above)
 |  |  |        |  |  
 |  |  |        |  +- F_PSHK               (see above)
 |  |  |        |     
 |  |  |        +- _FSUB                (see above)
 |  |  |        |  
 |  |  |        +- _LDIVU              
 |  |  |        |  | 
 |  |  |        |  +- _lDivMod            
 |  |  |        |       
 |  |  |        +- _FCMP                (see above)
 |  |  |        |  
 |  |  |        +- _LMODU              
 |  |  |           | 
 |  |  |           +- _lDivMod             (see above)
 |  |  |              
 |  |  +- _FSTRUNC             (see above)
 |  |  |  
 |  |  +- get_distance        
 |  |     | 
 |  |     +- segment_stop        
 |  |     |    
 |  |     +- _FUFLOAT             (see above)
 |  |     |  
 |  |     +- _FDIV                (see above)
 |  |     |  
 |  |     +- median              
 |  |     |  | 
 |  |     |  +- _FCMP                (see above)
 |  |     |  |  
 |  |     |  +- _FADD                (see above)
 |  |     |  |  
 |  |     |  +- _FDIV                (see above)
 |  |     |     
 |  |     +- _FCMP                (see above)
 |  |     |  
 |  |     +- _FADD                (see above)
 |  |     |  
 |  |     +- segment_init        
 |  |          
 |  +- full_scan           
 |  |  | 
 |  |  +- cmd2LCD              (see above)
 |  |  |  
 |  |  +- SCI1_OutString       (see above)
 |  |  |  
 |  |  +- sprintf              (see above)
 |  |  |  
 |  |  +- SCI1_OutChar         (see above)
 |  |  |  
 |  |  +- tilt_servo           (see above)
 |  |  |  
 |  |  +- _FSUB                (see above)
 |  |  |  
 |  |  +- pan_servo            (see above)
 |  |  |  
 |  |  +- delay_ms             (see above)
 |  |  |  
 |  |  +- get_distance         (see above)
 |  |  |  
 |  |  +- display_angle        (see above)
 |  |  |  
 |  |  +- putsLCD              (see above)
 |  |  |  
 |  |  +- send_point          
 |  |  |  | 
 |  |  |  +- memset              
 |  |  |  |    
 |  |  |  +- sprintf              (see above)
 |  |  |  |  
 |  |  |  +- SCI1_OutChar         (see above)
 |  |  |  |  
 |  |  |  +- SCI1_OutString       (see above)
 |  |  |     
 |  |  +- _FADD                (see above)
 |  |  |  
 |  |  +- _FCMP                (see above)
 |  |  |  
 |  |  +- memset               (see above)
 |  |     
 |  +- sweep               
 |  |  | 
 |  |  +- pan_servo            (see above)
 |  |  |  
 |  |  +- tilt_servo           (see above)
 |  |  |  
 |  |  +- cmd2LCD              (see above)
 |  |  |  
 |  |  +- SCI1_OutString       (see above)
 |  |  |  
 |  |  +- memset               (see above)
 |  |  |  
 |  |  +- sprintf              (see above)
 |  |  |  
 |  |  +- SCI1_OutChar         (see above)
 |  |  |  
 |  |  +- delay1s             
 |  |  |    
 |  |  +- delay_ms             (see above)
 |  |  |  
 |  |  +- get_distance         (see above)
 |  |  |  
 |  |  +- display_angle        (see above)
 |  |  |  
 |  |  +- putsLCD              (see above)
 |  |  |  
 |  |  +- send_point           (see above)
 |  |  |  
 |  |  +- _FADD                (see above)
 |  |  |  
 |  |  +- _FCMP                (see above)
 |  |     
 |  +- servo_test          
 |  |  | 
 |  |  +- cmd2LCD              (see above)
 |  |  |  
 |  |  +- pan_servo            (see above)
 |  |  |  
 |  |  +- tilt_servo           (see above)
 |  |  |  
 |  |  +- display_angle        (see above)
 |  |  |  
 |  |  +- putsLCD              (see above)
 |  |  |  
 |  |  +- SCI1_OutString       (see above)
 |  |  |  
 |  |  +- getkey               (see above)
 |  |  |  
 |  |  +- getc_buffer          (see above)
 |  |  |  
 |  |  +- _FCMP                (see above)
 |  |  |  
 |  |  +- putcLCD              (see above)
 |  |  |  
 |  |  +- memset               (see above)
 |  |  |  
 |  |  +- strtod               (see above)
 |  |     
 |  +- lidar_test          
 |  |  | 
 |  |  +- putsLCD              (see above)
 |  |  |  
 |  |  +- cmd2LCD              (see above)
 |  |  |  
 |  |  +- SCI1_OutString       (see above)
 |  |  |  
 |  |  +- getkey_string       
 |  |  |  | 
 |  |  |  +- memset               (see above)
 |  |  |  |  
 |  |  |  +- getkey               (see above)
 |  |  |  |  
 |  |  |  +- getc_buffer          (see above)
 |  |  |  |  
 |  |  |  +- cmd2LCD              (see above)
 |  |  |  |  
 |  |  |  +- putsLCD              (see above)
 |  |  |  |  
 |  |  |  +- putcLCD              (see above)
 |  |  |     
 |  |  +- str2num              (see above)
 |  |  |  
 |  |  +- get_distance         (see above)
 |  |  |  
 |  |  +- memset               (see above)
 |  |  |  
 |  |  +- sprintf              (see above)
 |  |  |  
 |  |  +- SCI1_OutChar         (see above)
 |  |  |  
 |  |  +- delay_ms             (see above)
 |  |     
 |  +- gyro_test           
 |  |  | 
 |  |  +- cmd2LCD              (see above)
 |  |  |  
 |  |  +- putsLCD              (see above)
 |  |  |  
 |  |  +- SCI1_OutString       (see above)
 |  |  |  
 |  |  +- gyro_imu            
 |  |  |  | 
 |  |  |  +- l3g4200d_getrawdata 
 |  |  |  |  | 
 |  |  |  |  +- iicstart             (see above)
 |  |  |  |  |  
 |  |  |  |  +- iictransmit          (see above)
 |  |  |  |  |  
 |  |  |  |  +- iicrestart          
 |  |  |  |  |  | 
 |  |  |  |  |  +- iicresponse          (see above)
 |  |  |  |  |     
 |  |  |  |  +- iicswrcv            
 |  |  |  |  |    
 |  |  |  |  +- iicreceive          
 |  |  |  |  |  | 
 |  |  |  |  |  +- setAlarm             (see above)
 |  |  |  |  |     
 |  |  |  |  +- iicreceivem1        
 |  |  |  |  |  | 
 |  |  |  |  |  +- setAlarm             (see above)
 |  |  |  |  |     
 |  |  |  |  +- iicreceivelast      
 |  |  |  |     | 
 |  |  |  |     +- setAlarm             (see above)
 |  |  |  |        
 |  |  |  +- abs                 
 |  |  |  |    
 |  |  |  +- _FMUL                (see above)
 |  |  |  |  
 |  |  |  +- _ILSEXT              (see above)
 |  |  |  |  
 |  |  |  +- _FSFLOAT             (see above)
 |  |  |  |  
 |  |  |  +- _FSTRUNC             (see above)
 |  |  |     
 |  |  +- _ILSEXT              (see above)
 |  |  |  
 |  |  +- _FSFLOAT             (see above)
 |  |  |  
 |  |  +- display_angle        (see above)
 |  |  |  
 |  |  +- sprintf              (see above)
 |  |  |  
 |  |  +- delay_ms             (see above)
 |  |     
 |  +- accel_test          
 |  |  | 
 |  |  +- cmd2LCD              (see above)
 |  |  |  
 |  |  +- putsLCD              (see above)
 |  |  |  
 |  |  +- SCI1_OutString       (see above)
 |  |  |  
 |  |  +- accel_imu           
 |  |  |  | 
 |  |  |  +- adxl345_getrawdata  
 |  |  |  |  | 
 |  |  |  |  +- iicstart             (see above)
 |  |  |  |  |  
 |  |  |  |  +- iictransmit          (see above)
 |  |  |  |  |  
 |  |  |  |  +- iicrestart           (see above)
 |  |  |  |  |  
 |  |  |  |  +- iicswrcv             (see above)
 |  |  |  |  |  
 |  |  |  |  +- iicreceive           (see above)
 |  |  |  |  |  
 |  |  |  |  +- iicreceivem1         (see above)
 |  |  |  |  |  
 |  |  |  |  +- iicreceivelast       (see above)
 |  |  |  |     
 |  |  |  +- _ILSEXT              (see above)
 |  |  |  |  
 |  |  |  +- _FSFLOAT             (see above)
 |  |  |  |  
 |  |  |  +- atan2               
 |  |  |  |  | 
 |  |  |  |  +- is_special          
 |  |  |  |  |  | 
 |  |  |  |  |  +- _LCMP               
 |  |  |  |  |       
 |  |  |  |  +- _CASE_CHECKED_BYTE   (see above)
 |  |  |  |  |  
 |  |  |  |  +- SetSign             
 |  |  |  |  |  | 
 |  |  |  |  |  +- fabs                
 |  |  |  |  |  |    
 |  |  |  |  |  +- _FNEG                (see above)
 |  |  |  |  |     
 |  |  |  |  +- fabs                 (see above)
 |  |  |  |  |  
 |  |  |  |  +- logb                
 |  |  |  |  |  | 
 |  |  |  |  |  +- frexp               
 |  |  |  |  |     | 
 |  |  |  |  |     +- frexpf               (see above)
 |  |  |  |  |        
 |  |  |  |  +- ldexp               
 |  |  |  |  |  | 
 |  |  |  |  |  +- ldexpf              
 |  |  |  |  |     | 
 |  |  |  |  |     +- F_PULL               (see above)
 |  |  |  |  |     |  
 |  |  |  |  |     +- F_TLK                (see above)
 |  |  |  |  |     |  
 |  |  |  |  |     +- F_LDEXP             
 |  |  |  |  |     |    
 |  |  |  |  |     +- F_PSHK               (see above)
 |  |  |  |  |     |  
 |  |  |  |  |     +- RetErrDom           
 |  |  |  |  |          
 |  |  |  |  +- _FCMP                (see above)
 |  |  |  |  |  
 |  |  |  |  +- _FADD                (see above)
 |  |  |  |  |  
 |  |  |  |  +- _FMUL                (see above)
 |  |  |  |  |  
 |  |  |  |  +- _FSTRUNC             (see above)
 |  |  |  |  |  
 |  |  |  |  +- _FSUB                (see above)
 |  |  |  |  |  
 |  |  |  |  +- _FDIV                (see above)
 |  |  |  |  |  
 |  |  |  |  +- _FNEG                (see above)
 |  |  |  |     
 |  |  |  +- _FMUL                (see above)
 |  |  |  |  
 |  |  |  +- _FSTRUNC             (see above)
 |  |  |     
 |  |  +- _ILSEXT              (see above)
 |  |  |  
 |  |  +- _FSFLOAT             (see above)
 |  |  |  
 |  |  +- display_angle        (see above)
 |  |  |  
 |  |  +- sprintf              (see above)
 |  |  |  
 |  |  +- delay_ms             (see above)
 |  |     
 |  +- magnet_test         
 |  |  | 
 |  |  +- cmd2LCD              (see above)
 |  |  |  
 |  |  +- putsLCD              (see above)
 |  |  |  
 |  |  +- SCI1_OutString       (see above)
 |  |  |  
 |  |  +- magnet_imu          
 |  |  |  | 
 |  |  |  +- hm5883_getrawdata   
 |  |  |  |  | 
 |  |  |  |  +- iicstart             (see above)
 |  |  |  |  |  
 |  |  |  |  +- iictransmit          (see above)
 |  |  |  |  |  
 |  |  |  |  +- iicrestart           (see above)
 |  |  |  |  |  
 |  |  |  |  +- iicswrcv             (see above)
 |  |  |  |  |  
 |  |  |  |  +- iicreceive           (see above)
 |  |  |  |  |  
 |  |  |  |  +- iicreceivem1         (see above)
 |  |  |  |  |  
 |  |  |  |  +- iicreceivelast       (see above)
 |  |  |  |     
 |  |  |  +- _ILSEXT              (see above)
 |  |  |  |  
 |  |  |  +- _FSFLOAT             (see above)
 |  |  |  |  
 |  |  |  +- atan2                (see above)
 |  |  |  |  
 |  |  |  +- _FMUL                (see above)
 |  |  |  |  
 |  |  |  +- _FADD                (see above)
 |  |  |  |  
 |  |  |  +- _FSTRUNC             (see above)
 |  |  |     
 |  |  +- _ILSEXT              (see above)
 |  |  |  
 |  |  +- _FSFLOAT             (see above)
 |  |  |  
 |  |  +- display_angle        (see above)
 |  |  |  
 |  |  +- sprintf              (see above)
 |  |  |  
 |  |  +- delay_ms             (see above)
 |  |     
 |  +- getkey_string        (see above)
 |     
 +- _Startup            
    | 
    +- Init                
    |    
    +- main                 (see above)
       
 _Vector_11          
 | 
 +- timer3_ISR          
    | 
    +- _FSTRUNC             (see above)
       
 _Vector_21          
 | 
 +- serial_ISR          
      
 _Vector_15          
 | 
 +- TC7_ISR             
      
 _Vector_16          
 | 
 +- timov               
      
*********************************************************************************************
STATISTIC SECTION
---------------------------------------------------------------------------------------------

ExeFile:
--------
Number of blocks to be downloaded: 10
Total size of all blocks to be downloaded: 13587

